// Jest Snapshot v1, https://goo.gl/fbAQLP

exports[`ToolbarComponent should create 1`] = `
<app-toolbar
  show={[Function Boolean]}
>
  <h4
    class="title"
  >
    
  </h4>
</app-toolbar>
`;
