// Jest Snapshot v1, https://goo.gl/fbAQLP

exports[`AverageColorComponent should create 1`] = `
<app-average-color
  image={[Function ElementRef]}
>
  <img
    alt="ugly dog"
    src="/assets/ugly-dog.png"
  /><p
    class="color"
  >
    Average color: 
  </p>
</app-average-color>
`;
