// Jest Snapshot v1, https://goo.gl/fbAQLP

exports[`ResizeComponent should create 1`] = `
<app-resize
  sanitizer={[Function DomSanitizerImpl]}
  srcImage={[Function ElementRef]}
>
  <img
    alt="ugly dog"
    src="/assets/ugly-dog.png"
  />
</app-resize>
`;
